I'm sorry, but errors were detected in your script. Please correct the
errors listed below, and try again.


File "game/script.rpy", line 252: expected end of line
    stop music fadeout 0.5s
                          ^

Ren'Py Version: Ren'Py 8.0.3.22090809
Fri Dec 30 21:18:27 2022
